AuraVision native tests: OK
